// Jest Snapshot v1, https://goo.gl/fbAQLP

exports[`simple initial parameters 1`] = `
<div
  className="DraftEditor-root"
>
  <div
    className="DraftEditor-editorContainer"
  >
    <div
      aria-describedby="placeholder-key9"
      aria-expanded={null}
      className="notranslate public-DraftEditor-content"
      contentEditable={true}
      onBeforeInput={[Function]}
      onBlur={[Function]}
      onCompositionEnd={[Function]}
      onCompositionStart={[Function]}
      onCopy={[Function]}
      onCut={[Function]}
      onDragEnd={[Function]}
      onDragEnter={[Function]}
      onDragLeave={[Function]}
      onDragOver={[Function]}
      onDragStart={[Function]}
      onDrop={[Function]}
      onFocus={[Function]}
      onInput={[Function]}
      onKeyDown={[Function]}
      onKeyPress={[Function]}
      onKeyUp={[Function]}
      onMouseUp={[Function]}
      onPaste={[Function]}
      onSelect={[Function]}
      role="textbox"
      spellCheck={false}
      style={
        Object {
          "WebkitUserSelect": "text",
          "outline": "none",
          "userSelect": "text",
          "whiteSpace": "pre-wrap",
          "wordWrap": "break-word",
        }
      }
      suppressContentEditableWarning={true}
    >
      <div
        data-contents="true"
      >
        <div
          className=""
          data-block={true}
          data-editor="key9"
          data-offset-key="key3-0-0"
        >
          <div
            className="first-book-block"
          >
            <div
              className="public-DraftStyleDefault-block public-DraftStyleDefault-ltr"
              data-offset-key="key3-0-0"
            >
              <span
                data-offset-key="key3-0-0"
                style={Object {}}
              >
                <span
                  data-text="true"
                >
                  1row1
                </span>
              </span>
            </div>
          </div>
        </div>
        <div
          className=""
          data-block={true}
          data-editor="key9"
          data-offset-key="key6-0-0"
        >
          <div
            className="second-book-block"
          >
            <div
              className="public-DraftStyleDefault-block public-DraftStyleDefault-ltr"
              data-offset-key="key6-0-0"
            >
              <span
                data-offset-key="key6-0-0"
                style={Object {}}
              >
                <span
                  data-text="true"
                >
                  2row1
                </span>
              </span>
            </div>
          </div>
        </div>
        <div
          className=""
          data-block={true}
          data-editor="key9"
          data-offset-key="key4-0-0"
        >
          <div
            className="first-book-block"
          >
            <div
              className="public-DraftStyleDefault-block public-DraftStyleDefault-ltr"
              data-offset-key="key4-0-0"
            >
              <span
                data-offset-key="key4-0-0"
                style={Object {}}
              >
                <span
                  data-text="true"
                >
                  1row2
                </span>
              </span>
            </div>
          </div>
        </div>
        <div
          className=""
          data-block={true}
          data-editor="key9"
          data-offset-key="key7-0-0"
        >
          <div
            className="second-book-block"
          >
            <div
              className="public-DraftStyleDefault-block public-DraftStyleDefault-ltr"
              data-offset-key="key7-0-0"
            >
              <span
                data-offset-key="key7-0-0"
                style={Object {}}
              >
                <span
                  data-text="true"
                >
                  2row2
                </span>
              </span>
            </div>
          </div>
        </div>
        <div
          className=""
          data-block={true}
          data-editor="key9"
          data-offset-key="key5-0-0"
        >
          <div
            className="first-book-block"
          >
            <div
              className="public-DraftStyleDefault-block public-DraftStyleDefault-ltr"
              data-offset-key="key5-0-0"
            >
              <span
                data-offset-key="key5-0-0"
                style={Object {}}
              >
                <br
                  data-text="true"
                />
              </span>
            </div>
          </div>
        </div>
        <div
          className=""
          data-block={true}
          data-editor="key9"
          data-offset-key="key8-0-0"
        >
          <div
            className="second-book-block"
          >
            <div
              className="public-DraftStyleDefault-block public-DraftStyleDefault-ltr"
              data-offset-key="key8-0-0"
            >
              <span
                data-offset-key="key8-0-0"
                style={Object {}}
              >
                <span
                  data-text="true"
                >
                  2row3
                </span>
              </span>
            </div>
          </div>
        </div>
      </div>
    </div>
  </div>
</div>
`;
